---
source: tests/snapshot.rs
expression: "graph.to_folded_without_costs().join(\"\\n\")"
---
run_measured <cost>
run_measured;complex_benchmark <cost>
run_measured;complex_benchmark;walk <cost>
run_measured;complex_benchmark;walk;pool_alloc <cost>
run_measured;complex_benchmark;walk;ping <cost>
run_measured;complex_benchmark;walk;ping;pong <cost>
run_measured;complex_benchmark;walk;ping;pong;ping'2 <cost>
run_measured;complex_benchmark;walk;child_value <cost>
run_measured;complex_benchmark;walk;walk'2 <cost>
run_measured;complex_benchmark;walk;walk'2;pool_alloc <cost>
run_measured;complex_benchmark;walk;walk'2;ping <cost>
run_measured;complex_benchmark;walk;walk'2;ping;pong <cost>
run_measured;complex_benchmark;walk;walk'2;ping;pong;ping'2 <cost>
run_measured;complex_benchmark;walk;walk'2;child_value <cost>
run_measured;complex_benchmark;walk;walk'2;walk'2 <cost>
run_measured;complex_benchmark;walk;walk'2;child_value <cost>
run_measured;complex_benchmark;walk;walk'2;walk'2 <cost>
run_measured;complex_benchmark;walk;child_value <cost>
run_measured;complex_benchmark;walk;walk'2 <cost>
run_measured;complex_benchmark;walk;walk'2;pool_alloc <cost>
run_measured;complex_benchmark;walk;walk'2;ping <cost>
run_measured;complex_benchmark;walk;walk'2;ping;pong <cost>
run_measured;complex_benchmark;walk;walk'2;ping;pong;ping'2 <cost>
run_measured;complex_benchmark;walk;walk'2;child_value <cost>
run_measured;complex_benchmark;walk;walk'2;walk'2 <cost>
run_measured;complex_benchmark;walk;walk'2;child_value <cost>
run_measured;complex_benchmark;walk;walk'2;walk'2 <cost>
run_measured;complex_benchmark;recursive_sum <cost>
run_measured;complex_benchmark;recursive_sum;recursive_sum'2 <cost>
run_measured;complex_benchmark;recursive_sum;recursive_sum'2;recursive_sum'2 <cost>
run_measured;complex_benchmark;recursive_sum;recursive_sum'2;recursive_sum'2 <cost>
run_measured;complex_benchmark;recursive_sum;recursive_sum'2 <cost>
run_measured;complex_benchmark;recursive_sum;recursive_sum'2;recursive_sum'2 <cost>
run_measured;complex_benchmark;recursive_sum;recursive_sum'2;recursive_sum'2 <cost>
