---
source: tests/snapshot.rs
expression: "graph.to_folded_without_costs().join(\"\\n\")"
---
run_measured <cost>
run_measured;complex_benchmark <cost>
run_measured;complex_benchmark;build_tree <cost>
run_measured;complex_benchmark;build_tree;build_tree'2 <cost>
run_measured;complex_benchmark;build_tree;build_tree'2;pool_alloc <cost>
run_measured;complex_benchmark;build_tree;build_tree'2;child_value <cost>
run_measured;complex_benchmark;build_tree;build_tree'2;build_tree'2 <cost>
run_measured;complex_benchmark;build_tree;build_tree'2;child_value <cost>
run_measured;complex_benchmark;build_tree;build_tree'2;build_tree'2 <cost>
run_measured;complex_benchmark;build_tree;build_tree'2 <cost>
run_measured;complex_benchmark;build_tree;build_tree'2;pool_alloc <cost>
run_measured;complex_benchmark;build_tree;build_tree'2;child_value <cost>
run_measured;complex_benchmark;build_tree;build_tree'2;build_tree'2 <cost>
run_measured;complex_benchmark;build_tree;build_tree'2;child_value <cost>
run_measured;complex_benchmark;build_tree;build_tree'2;build_tree'2 <cost>
run_measured;complex_benchmark;analyze_tree <cost>
run_measured;complex_benchmark;analyze_tree;recursive_sum <cost>
run_measured;complex_benchmark;analyze_tree;recursive_sum;recursive_sum'2 <cost>
run_measured;complex_benchmark;analyze_tree;recursive_sum;recursive_sum'2;recursive_sum'2 <cost>
run_measured;complex_benchmark;analyze_tree;recursive_sum;recursive_sum'2;recursive_sum'2 <cost>
run_measured;complex_benchmark;analyze_tree;recursive_sum;recursive_sum'2 <cost>
run_measured;complex_benchmark;analyze_tree;recursive_sum;recursive_sum'2;recursive_sum'2 <cost>
run_measured;complex_benchmark;analyze_tree;recursive_sum;recursive_sum'2;recursive_sum'2 <cost>
run_measured;complex_benchmark;analyze_tree;count_nodes <cost>
run_measured;complex_benchmark;analyze_tree;count_nodes;count_nodes'2 <cost>
run_measured;complex_benchmark;analyze_tree;count_nodes;count_nodes'2;count_nodes'2 <cost>
run_measured;complex_benchmark;analyze_tree;count_nodes;count_nodes'2;count_nodes'2 <cost>
run_measured;complex_benchmark;analyze_tree;count_nodes;count_nodes'2 <cost>
run_measured;complex_benchmark;analyze_tree;count_nodes;count_nodes'2;count_nodes'2 <cost>
run_measured;complex_benchmark;analyze_tree;count_nodes;count_nodes'2;count_nodes'2 <cost>
run_measured;complex_benchmark;analyze_tree;compute_variance <cost>
run_measured;complex_benchmark;analyze_tree;compute_variance;??? <cost>
run_measured;complex_benchmark;analyze_tree;compute_variance;collect_leaf <cost>
run_measured;complex_benchmark;analyze_tree;compute_variance;collect_leaf;collect_leaf'2 <cost>
run_measured;complex_benchmark;analyze_tree;compute_variance;collect_leaf;collect_leaf'2;collect_leaf'2 <cost>
run_measured;complex_benchmark;analyze_tree;compute_variance;??? <cost>
run_measured;complex_benchmark;analyze_tree;compute_variance;dealloc_wrapper1 <cost>
run_measured;complex_benchmark;analyze_tree;compute_variance;dealloc_wrapper1;dealloc_wrapper2 <cost>
run_measured;complex_benchmark;analyze_tree;compute_variance;dealloc_wrapper1;dealloc_wrapper2;??? <cost>
run_measured;complex_benchmark;analyze_tree;compute_variance;dealloc_wrapper1;dealloc_wrapper2;???;??? <cost>
run_measured;complex_benchmark;analyze_tree;analyze_tree'2 <cost>
run_measured;complex_benchmark;analyze_tree;analyze_tree'2;recursive_sum <cost>
run_measured;complex_benchmark;analyze_tree;analyze_tree'2;recursive_sum;recursive_sum'2 <cost>
run_measured;complex_benchmark;analyze_tree;analyze_tree'2;recursive_sum;recursive_sum'2;recursive_sum'2 <cost>
run_measured;complex_benchmark;analyze_tree;analyze_tree'2;recursive_sum;recursive_sum'2;recursive_sum'2 <cost>
run_measured;complex_benchmark;analyze_tree;analyze_tree'2;recursive_sum;recursive_sum'2 <cost>
run_measured;complex_benchmark;analyze_tree;analyze_tree'2;recursive_sum;recursive_sum'2;recursive_sum'2 <cost>
run_measured;complex_benchmark;analyze_tree;analyze_tree'2;recursive_sum;recursive_sum'2;recursive_sum'2 <cost>
run_measured;complex_benchmark;analyze_tree;analyze_tree'2;count_nodes <cost>
run_measured;complex_benchmark;analyze_tree;analyze_tree'2;count_nodes;count_nodes'2 <cost>
run_measured;complex_benchmark;analyze_tree;analyze_tree'2;count_nodes;count_nodes'2;count_nodes'2 <cost>
run_measured;complex_benchmark;analyze_tree;analyze_tree'2;count_nodes;count_nodes'2;count_nodes'2 <cost>
run_measured;complex_benchmark;analyze_tree;analyze_tree'2;count_nodes;count_nodes'2 <cost>
run_measured;complex_benchmark;analyze_tree;analyze_tree'2;count_nodes;count_nodes'2;count_nodes'2 <cost>
run_measured;complex_benchmark;analyze_tree;analyze_tree'2;count_nodes;count_nodes'2;count_nodes'2 <cost>
run_measured;complex_benchmark;analyze_tree;analyze_tree'2;compute_variance <cost>
run_measured;complex_benchmark;analyze_tree;analyze_tree'2;compute_variance;??? <cost>
run_measured;complex_benchmark;analyze_tree;analyze_tree'2;compute_variance;collect_leaf <cost>
run_measured;complex_benchmark;analyze_tree;analyze_tree'2;compute_variance;collect_leaf;collect_leaf'2 <cost>
run_measured;complex_benchmark;analyze_tree;analyze_tree'2;compute_variance;collect_leaf;collect_leaf'2;collect_leaf'2 <cost>
run_measured;complex_benchmark;analyze_tree;analyze_tree'2;compute_variance;??? <cost>
run_measured;complex_benchmark;analyze_tree;analyze_tree'2;compute_variance;dealloc_wrapper1 <cost>
run_measured;complex_benchmark;analyze_tree;analyze_tree'2;compute_variance;dealloc_wrapper1;dealloc_wrapper2 <cost>
run_measured;complex_benchmark;analyze_tree;analyze_tree'2;compute_variance;dealloc_wrapper1;dealloc_wrapper2;??? <cost>
run_measured;complex_benchmark;analyze_tree;analyze_tree'2;compute_variance;dealloc_wrapper1;dealloc_wrapper2;???;??? <cost>
run_measured;complex_benchmark;analyze_tree;analyze_tree'2;analyze_tree'2 <cost>
